<?xml version="1.0" encoding="UTF-8" ?>
<testsuites name="vitest tests" tests="2" failures="0" errors="0" time="0.391198565">
    <testsuite name="test/app.test.ts" timestamp="2026-05-08T06:53:26.437Z" hostname="codespaces-0812cb" tests="2" failures="0" errors="0" skipped="0" time="0.391198565">
        <testcase classname="test/app.test.ts" name="Fastify app &gt; GET /health returns ok status" time="0.380886412">
        </testcase>
        <testcase classname="test/app.test.ts" name="Fastify app &gt; GET / returns app message and version" time="0.003456563">
        </testcase>
    </testsuite>
</testsuites>
